[www.target-agriculture.com/index.html]
[backblue.gif]
[fade.gif]
[index.html]
[target-agriculture.com/static/cms/assets/plugins/bootstrap/css/bootstrap.min.css]
[target-agriculture.com/static/cms/assets/css/style.css]
[target-agriculture.com/static/cms/assets/css/headers/header1.css]
[target-agriculture.com/static/cms/assets/plugins/bootstrap/css/bootstrap-responsive.min.css]
[target-agriculture.com/static/cms/assets/css/style_responsive.css]
[target-agriculture.com/static/cms/assets/css/effects.css]
[target-agriculture.com/static/cms/assets/css/themes/default.css]
[target-agriculture.com/static/css/font-awesome.min.css]
[target-agriculture.com/static/cms/rs-plugin/css/settings.css]
[target-agriculture.com/static/cms/css/target.css]
[target-agriculture.com/static/cms/assets/css/img-hover-effect.css]
[target-agriculture.com/static/cms/assets/js/modernizr.custom.js]
[target-agriculture.com/static/cms/assets/js/jquery-1.8.2.min.js]
[target-agriculture.com/static/cms/assets/plugins/bootstrap/js/bootstrap.min.js]
[target-agriculture.com/static/cms/js/holder.js]
[target-agriculture.com/static/cms/img/logo-horizontal-50px.png]
[target-agriculture.com/static/cms/img/home-slider/bg/aqua.jpg]
[target-agriculture.com/static/cms/img/home-slider/USDA-logo-250.png]
[www.target-agriculture.com/news/index.html]
[www.target-agriculture.com/products/index.html]
[target-agriculture.com/static/cms/img/home-slider/eu-organic-logo.jpg]
[www.target-agriculture.com/contact/index.html]
[target-agriculture.com/static/cms/img/home-slider/JAS-logo.png]
[target-agriculture.com/static/cms/img/home-slider/kosher.gif]
[target-agriculture.com/static/cms/img/home-slider/forest_garden.png]
[www.target-agriculture.com/countries/index.html]
[target-agriculture.com/static/cms/img/home-slider/bg/mango.jpg]
[target-agriculture.com/static/cms/img/home-slider/mango.jpg]
[target-agriculture.com/static/cms/img/home-slider/pineapple.jpg]
[target-agriculture.com/static/cms/img/home-slider/cashew.jpg]
[target-agriculture.com/static/cms/img/home-slider/fruit1.jpg]
[target-agriculture.com/static/cms/img/home-slider/fruit2.jpg]
[target-agriculture.com/static/cms/img/home-slider/fruit3.jpg]
[target-agriculture.com/static/cms/img/home-slider/fruit5.jpg]
[target-agriculture.com/static/cms/img/home-slider/fruit6.jpg]
[target-agriculture.com/static/cms/img/home-slider/fruit7.jpg]
[target-agriculture.com/static/cms/img/home-slider/fruit9.jpg]
[target-agriculture.com/static/cms/img/home-slider/bg/pineapple.jpg]
[target-agriculture.com/static/cms/img/home-slider/bg/production.jpg]
[target-agriculture.com/static/cms/img/home-slider/factory2.jpg]
[target-agriculture.com/static/cms/img/home-slider/factory3.jpg]
[target-agriculture.com/static/cms/images/thumbs/thumb6.jpg]
[target-agriculture.com/static/cms/img/home-slider/bg/people.jpg]
[target-agriculture.com/static/cms/img/home-slider/logo-graybg.png]
[www.target-agriculture.com/index.html]
[target-agriculture.com/static/cms/assets/plugins/bootstrap/img/glyphicons-halflings.png]
[target-agriculture.com/static/cms/assets/plugins/bootstrap/css/bootstrap.min.css]
[target-agriculture.com/static/cms/assets/img/breadcrumbs.png]
[target-agriculture.com/static/cms/assets/img/icons/social/behance.png]
[target-agriculture.com/static/cms/assets/img/icons/social/blogger.png]
[target-agriculture.com/static/cms/assets/img/icons/social/deviantart.png]
[target-agriculture.com/static/cms/assets/img/icons/social/dribbble.png]
[target-agriculture.com/static/cms/assets/img/icons/social/dropbox.png]
[target-agriculture.com/static/cms/assets/img/icons/social/facebook.png]
[target-agriculture.com/static/cms/assets/img/icons/social/forrst.png]
[target-agriculture.com/static/cms/assets/img/icons/social/github.png]
[target-agriculture.com/static/cms/assets/img/icons/social/googleplus.png]
[target-agriculture.com/static/cms/assets/img/icons/social/jolicloud.png]
[target-agriculture.com/static/cms/assets/img/icons/social/last-fm.png]
[target-agriculture.com/static/cms/assets/img/icons/social/linkedin.png]
[target-agriculture.com/static/cms/assets/img/icons/social/picasa.png]
[target-agriculture.com/static/cms/assets/img/icons/social/pintrest.png]
[target-agriculture.com/static/cms/assets/img/icons/social/rss.png]
[target-agriculture.com/static/cms/assets/img/icons/social/skype.png]
[target-agriculture.com/static/cms/assets/img/icons/social/stumbleupon.png]
[target-agriculture.com/static/cms/assets/img/icons/social/tumblr.png]
[target-agriculture.com/static/cms/assets/img/icons/social/twitter.png]
[target-agriculture.com/static/cms/assets/img/icons/social/vimeo.png]
[target-agriculture.com/static/cms/assets/img/icons/social/wordpress.png]
[target-agriculture.com/static/cms/assets/img/icons/social/xing.png]
[target-agriculture.com/static/cms/assets/img/icons/social/yahoo.png]
[target-agriculture.com/static/cms/assets/img/icons/social/youtube.png]
[target-agriculture.com/static/cms/assets/img/sliders/revolution/bg-text.png]
[target-agriculture.com/static/cms/assets/css/style.css]
[target-agriculture.com/static/cms/assets/css/headers/header1.css]
[target-agriculture.com/static/cms/assets/plugins/bootstrap/css/bootstrap-responsive.min.css]
[target-agriculture.com/static/cms/assets/css/style_responsive.css]
[target-agriculture.com/static/cms/assets/img/overlay-icon.png]
[target-agriculture.com/static/cms/assets/css/effects.css]
[www.target-agriculture.com/favicon.ico]
[target-agriculture.com/static/cms/assets/plugins/parallax-slider/img/bg-heading.png]
[target-agriculture.com/static/cms/assets/plugins/bxslider/images/controls.png]
[target-agriculture.com/static/cms/assets/css/themes/default.css]
[target-agriculture.com/static/css/font-awesome.min.css]
[target-agriculture.com/static/cms/rs-plugin/images/gradient/g30.png]
[target-agriculture.com/static/cms/rs-plugin/images/gradient/g40.png]
[target-agriculture.com/static/cms/rs-plugin/assets/shadow1.png]
[target-agriculture.com/static/cms/rs-plugin/assets/shadow2.png]
[target-agriculture.com/static/cms/rs-plugin/assets/shadow3.png]
[target-agriculture.com/static/cms/rs-plugin/assets/boxed_bgtile.png]
[target-agriculture.com/static/cms/rs-plugin/assets/navigdots_bgtile.png]
[target-agriculture.com/static/cms/rs-plugin/assets/bullets.png]
[target-agriculture.com/static/cms/rs-plugin/assets/bullets2.png]
[target-agriculture.com/static/cms/rs-plugin/assets/bullet_boxed.png]
[target-agriculture.com/static/cms/rs-plugin/assets/navigdots.png]
[target-agriculture.com/static/cms/rs-plugin/assets/large_left.png]
[target-agriculture.com/static/cms/rs-plugin/assets/large_right.png]
[target-agriculture.com/static/cms/rs-plugin/assets/small_right.png]
[target-agriculture.com/static/cms/rs-plugin/assets/arrow_left.png]
[target-agriculture.com/static/cms/rs-plugin/assets/arrow_right.png]
[target-agriculture.com/static/cms/rs-plugin/assets/small_left_boxed.png]
[target-agriculture.com/static/cms/rs-plugin/assets/small_right_boxed.png]
[target-agriculture.com/static/cms/rs-plugin/assets/arrowleft.png]
[target-agriculture.com/static/cms/rs-plugin/assets/arrow_left2.png]
[target-agriculture.com/static/cms/rs-plugin/assets/arrow_right2.png]
[target-agriculture.com/static/cms/rs-plugin/assets/timer.png]
[target-agriculture.com/static/cms/rs-plugin/assets/coloredbg.png]
[target-agriculture.com/static/cms/rs-plugin/assets/loader.gif]
[target-agriculture.com/static/cms/rs-plugin/css/settings.css]
[target-agriculture.com/static/cms/css/target.css]
[target-agriculture.com/static/cms/assets/css/img-hover-effect.css]
[target-agriculture.com/static/cms/assets/js/jquery-1.8.2.min.js]
[target-agriculture.com/static/cms/assets/js/modernizr.custom.js]
[target-agriculture.com/static/cms/assets/plugins/bootstrap/js/bootstrap.min.js]
[target-agriculture.com/static/cms/js/holder.js]
[www.target-agriculture.com/news/favicon.6c.delayed]
[www.target-agriculture.com/about/index.html]
[www.target-agriculture.com/news/index.html]
[www.target-agriculture.com/products/favicon.ico]
[www.target-agriculture.com/news/thomas-profile/index.html]
[www.target-agriculture.com/static/media/img/fruit_type/aloe_vera.jpg]
[www.target-agriculture.com/static/media/img/fruit_type/anona.jpg]
[www.target-agriculture.com/static/media/img/fruit_type/banana.jpg]
[www.target-agriculture.com/products/aloe-vera/index.html]
[www.target-agriculture.com/products/anona/index.html]
[www.target-agriculture.com/static/media/img/fruit_type/cashew.jpg]
[www.target-agriculture.com/products/banana/index.html]
[www.target-agriculture.com/static/media/img/fruit_type/coconut.jpg]
[www.target-agriculture.com/products/cashew/index.html]
[www.target-agriculture.com/static/media/img/fruit_type/dragonfruit.jpg]
[www.target-agriculture.com/products/coconut/index.html]
[www.target-agriculture.com/static/media/img/fruit_type/gac_fruit.jpg]
[www.target-agriculture.com/products/gac/index.html]
[www.target-agriculture.com/products/durian/index.html]
[www.target-agriculture.com/static/media/img/fruit_type/ginger.jpg]
[www.target-agriculture.com/static/media/img/fruit_type/guava.jpg]
[www.target-agriculture.com/products/ginger/index.html]
[www.target-agriculture.com/static/media/img/fruit_type/jackfruit.jpg]
[www.target-agriculture.com/static/media/img/fruit_type/kaffir_lime.jpg]
[www.target-agriculture.com/products/guava/index.html]
[www.target-agriculture.com/products/kaffir-lime/index.html]
[www.target-agriculture.com/static/media/img/fruit_type/king-coconut.png]
[www.target-agriculture.com/products/king-coconut/index.html]
[www.target-agriculture.com/static/media/img/fruit_type/lime_2.jpg]
[www.target-agriculture.com/static/media/img/fruit_type/longan.jpg]
[www.target-agriculture.com/static/media/img/fruit_type/longong.jpg]
[www.target-agriculture.com/static/media/img/fruit_type/mangosteen_1.jpg]
[www.target-agriculture.com/products/lychee/index.html]
[www.target-agriculture.com/products/longkong/index.html]
[www.target-agriculture.com/products/mango/index.html]
[www.target-agriculture.com/static/media/img/fruit_type/melon.jpg]
[www.target-agriculture.com/static/media/img/fruit_type/papaya.jpg]
[www.target-agriculture.com/products/mangosteen/index.html]
[www.target-agriculture.com/products/melon/index.html]
[www.target-agriculture.com/static/media/img/fruit_type/passion_fruit.jpg]
[www.target-agriculture.com/products/papaya/index.html]
[www.target-agriculture.com/static/media/img/fruit_type/pineapple.jpg]
[www.target-agriculture.com/products/passion-fruit/index.html]
[www.target-agriculture.com/products/pineapple/index.html]
[www.target-agriculture.com/products/pomelo/index.html]
[www.target-agriculture.com/static/media/img/fruit_type/rambutan.jpg]
[www.target-agriculture.com/static/media/img/fruit_type/santol.jpg]
[www.target-agriculture.com/products/rambutan/index.html]
[www.target-agriculture.com/static/media/img/fruit_type/star_fruit.jpg]
[www.target-agriculture.com/static/media/img/fruit_type/tumeric.jpg]
[www.target-agriculture.com/products/index.html]
[target-agriculture.com/static/nivo/nivo-slider.css]
[target-agriculture.com/static/nivo/themes/default/default.css]
[target-agriculture.com/static/cms/cms_page_media/16/IMG_2930.jpg]
[target-agriculture.com/static/cms/img/slider/img_0327.jpg]
[target-agriculture.com/static/cms/img/slider/img_0528.jpg]
[www.target-agriculture.com/products/tumeric/index.html]
[target-agriculture.com/static/cms/img/slider/img_0645.jpg]
[target-agriculture.com/static/cms/img/slider/img_1825.jpg]
[target-agriculture.com/static/cms/img/slider/img_1956.jpg]
[target-agriculture.com/static/cms/img/slider/img_2188.jpg]
[target-agriculture.com/static/cms/img/slider/img_8229.jpg]
[target-agriculture.com/static/cms/img/slider/img_8797.jpg]
[target-agriculture.com/static/cms/img/slider/img_9495.jpg]
[target-agriculture.com/static/cms/img/slider/img_9968.jpg]
[target-agriculture.com/static/cms/img/slider/img_9982.jpg]
[target-agriculture.com/static/cms/img/slider/bicycle.jpg]
[target-agriculture.com/static/cms/img/slider/07/22/haikeu.a1.delayed]
[target-agriculture.com/static/cms/img/slider/img_2421.jpg]
[target-agriculture.com/static/cms/img/slider/img_2971.jpg]
[target-agriculture.com/static/cms/img/slider/vietnam_017.jpg]
[www.target-agriculture.com/countries/index.html]
[www.target-agriculture.com/contact/favicon.a7.delayed]
[www.target-agriculture.com/contact/index.html]
[target-agriculture.com/static/cms/img/home-slider/fair-trade.jpg]
[target-agriculture.com/static/cms/img/home-slider/fruit8.jpg]
[target-agriculture.com/static/cms/img/home-slider/factory1.jpg]
[target-agriculture.com/static/cms/assets/plugins/bootstrap/img/glyphicons-halflings-white.png]
[target-agriculture.com/static/cms/assets/img/icons/social/amazon.png]
[target-agriculture.com/static/cms/rs-plugin/js/jquery.themepunch.revolution.min.js]
[target-agriculture.com/static/cms/assets/img/icons/social/evernote.png]
[www.target-agriculture.com/favicon.ico]
[target-agriculture.com/static/cms/assets/img/icons/social/spotify.png]
[target-agriculture.com/static/cms/rs-plugin/assets/small_left.png]
[target-agriculture.com/static/cms/rs-plugin/assets/arrowright.png]
[www.target-agriculture.com/about/favicon.a8.delayed]
[target-agriculture.com/static/cms/img/slider/img_1890.jpg]
[target-agriculture.com/static/cms/img/slider/img_7797.jpg]
[target-agriculture.com/static/cms/img/slider/img_0365.jpg]
[target-agriculture.com/static/cms/img/slider/img_0412.jpg]
[target-agriculture.com/static/cms/img/slider/img_2930.jpg]
[target-agriculture.com/static/cms/img/slider/staff-group-1153.jpg]
[target-agriculture.com/static/cms/img/staff/prasanna.jpg]
[target-agriculture.com/static/cms/img/staff/sumudu.jpg]
[target-agriculture.com/static/cms/img/staff/champika.jpg]
[target-agriculture.com/static/cms/img/staff/wachi.jpg]
[target-agriculture.com/static/cms/img/staff/busarin.jpg]
[target-agriculture.com/static/cms/img/staff/nitiya.jpg]
[target-agriculture.com/static/cms/img/staff/them.jpg]
[www.target-agriculture.com/about/index.html]
[www.target-agriculture.com/news/favicon.html]
[www.target-agriculture.com/news/thomas-profile/favicon.ba.delayed]
[www.target-agriculture.com/news/thomas-profile/index.html]
[www.target-agriculture.com/products/favicon.html]
[www.target-agriculture.com/products/aloe-vera/favicon.ico]
[www.target-agriculture.com/products/aloe-vera/index.html]
[www.target-agriculture.com/products/anona/favicon.ico]
[www.target-agriculture.com/products/anona/index.html]
[www.target-agriculture.com/products/banana/favicon.ico]
[www.target-agriculture.com/products/banana/index.html]
[www.target-agriculture.com/products/cashew/favicon.ico]
[www.target-agriculture.com/products/cashew/index.html]
[www.target-agriculture.com/products/coconut/favicon.ico]
[www.target-agriculture.com/products/coconut/index.html]
[www.target-agriculture.com/products/dragon-fruit/index.html]
[www.target-agriculture.com/static/media/img/fruit_type/durian.jpg]
[www.target-agriculture.com/products/durian/favicon.c0.delayed]
[www.target-agriculture.com/products/durian/index.html]
[www.target-agriculture.com/products/gac/favicon.ico]
[www.target-agriculture.com/products/gac/index.html]
[www.target-agriculture.com/products/ginger/favicon.ico]
[www.target-agriculture.com/products/ginger/index.html]
[www.target-agriculture.com/products/guava/favicon.ico]
[www.target-agriculture.com/products/guava/index.html]
[www.target-agriculture.com/products/kaffir-lime/index.html]
[www.target-agriculture.com/products/jackfruit/index.html]
[www.target-agriculture.com/products/king-coconut/favicon.c5.delayed]
[www.target-agriculture.com/products/king-coconut/index.html]
[www.target-agriculture.com/products/lime/index.html]
[www.target-agriculture.com/products/longkong/favicon.c6.delayed]
[www.target-agriculture.com/products/longkong/index.html]
[www.target-agriculture.com/static/media/img/fruit_type/lychee.jpg]
[www.target-agriculture.com/products/lychee/favicon.ico]
[www.target-agriculture.com/products/lychee/index.html]
[www.target-agriculture.com/static/media/img/fruit_type/mango.jpg]
[www.target-agriculture.com/products/mango/favicon.ico]
[www.target-agriculture.com/products/mango/index.html]
[www.target-agriculture.com/products/mangosteen/favicon.ico]
[www.target-agriculture.com/products/mangosteen/index.html]
[www.target-agriculture.com/products/melon/favicon.ico]
[www.target-agriculture.com/products/melon/index.html]
[www.target-agriculture.com/products/papaya/favicon.ico]
[www.target-agriculture.com/products/papaya/index.html]
[www.target-agriculture.com/products/passion-fruit/favicon.ico]
[www.target-agriculture.com/products/passion-fruit/index.html]
[www.target-agriculture.com/products/pineapple/favicon.ico]
[www.target-agriculture.com/products/pineapple/index.html]
[www.target-agriculture.com/static/media/img/fruit_type/pomelo.jpg]
[www.target-agriculture.com/products/pomelo/index.html]
[www.target-agriculture.com/products/rambutan/favicon.cf.delayed]
[www.target-agriculture.com/products/rambutan/index.html]
[www.target-agriculture.com/products/santol/index.html]
[www.target-agriculture.com/products/star-fruit/index.html]
[www.target-agriculture.com/products/tumeric/favicon.d0.delayed]
[www.target-agriculture.com/products/tumeric/index.html]
[target-agriculture.com/static/nivo/nivo-slider.css]
[www.target-agriculture.com/countries/favicon.ico]
[target-agriculture.com/static/nivo/themes/default/loading.gif]
[target-agriculture.com/static/nivo/themes/default/bullets.png]
[target-agriculture.com/static/nivo/themes/default/arrows.png]
[target-agriculture.com/static/nivo/themes/default/default.css]
[target-agriculture.com/static/cms/img/slider/img_1914.jpg]
[target-agriculture.com/static/cms/img/slider/img_2181.jpg]
[target-agriculture.com/static/cms/img/slider/img_8662.jpg]
[target-agriculture.com/static/cms/img/slider/img_0027.jpg]
[target-agriculture.com/static/cms/img/slider/img_9647.jpg]
[target-agriculture.com/static/cms/img/slider/07/22/haikeu.html]
[target-agriculture.com/static/cms/img/slider/img_2979.jpg]
[www.target-agriculture.com/contact/favicon.html]
[target-agriculture.com/static/nivo/js/jquery.nivo.slider.pack.js]
[target-agriculture.com/static/cms/rs-plugin/js/jquery.themepunch.plugins.min.js]
[a.vimeocdn.com/js/froogaloop2.min.js]
[target-agriculture.com/static/cms/rs-plugin/js/jquery.themepunch.revolution.min.js]
[www.target-agriculture.com/about/favicon.html]
[target-agriculture.com/static/cms/rs-plugin/assets/bullet.png]
[target-agriculture.com/static/cms/img/slider/img_6854.jpg]
[target-agriculture.com/static/cms/img/staff/thomas.jpg]
[target-agriculture.com/static/cms/img/staff/samanth.jpg]
[www.target-agriculture.com/news/thomas-profile/favicon.html]
[www.target-agriculture.com/products/aloe-vera/favicon.html]
[www.target-agriculture.com/products/anona/favicon.html]
[www.target-agriculture.com/products/banana/favicon.html]
[www.target-agriculture.com/products/cashew/favicon.html]
[www.target-agriculture.com/products/coconut/favicon.html]
[www.target-agriculture.com/products/dragon-fruit/favicon.d5.delayed]
[www.target-agriculture.com/products/dragon-fruit/index.html]
[www.target-agriculture.com/products/durian/favicon.html]
[www.target-agriculture.com/products/gac/favicon.html]
[www.target-agriculture.com/products/ginger/favicon.html]
[www.target-agriculture.com/products/guava/favicon.html]
[www.target-agriculture.com/products/jackfruit/favicon.ico]
[www.target-agriculture.com/products/jackfruit/index.html]
[www.target-agriculture.com/products/king-coconut/favicon.html]
[www.target-agriculture.com/products/kaffir-lime/favicon.ico]
[www.target-agriculture.com/products/lime/favicon.d7.delayed]
[www.target-agriculture.com/products/lime/index.html]
[www.target-agriculture.com/products/longkong/favicon.html]
[www.target-agriculture.com/products/lychee/favicon.html]
[www.target-agriculture.com/products/mango/favicon.html]
[www.target-agriculture.com/products/mangosteen/favicon.html]
[www.target-agriculture.com/products/melon/favicon.html]
[www.target-agriculture.com/products/papaya/favicon.html]
[www.target-agriculture.com/products/passion-fruit/favicon.html]
[www.target-agriculture.com/products/pineapple/favicon.html]
[www.target-agriculture.com/products/rambutan/favicon.html]
[www.target-agriculture.com/products/longan/index.html]
[www.target-agriculture.com/products/santol/favicon.d8.delayed]
[www.target-agriculture.com/products/santol/index.html]
[www.target-agriculture.com/products/pomelo/favicon.ico]
[www.target-agriculture.com/products/star-fruit/favicon.ico]
[www.target-agriculture.com/products/star-fruit/index.html]
[www.target-agriculture.com/products/tumeric/favicon.html]
[www.target-agriculture.com/countries/favicon.ico]
[target-agriculture.com/static/nivo/js/jquery.nivo.slider.pack.js]
[target-agriculture.com/static/cms/img/home-slider/fruit4.jpg]
[target-agriculture.com/static/cms/rs-plugin/js/jquery.themepunch.plugins.min.js]
[www.target-agriculture.com/products/dragon-fruit/favicon.html]
[www.target-agriculture.com/products/jackfruit/favicon.html]
[www.target-agriculture.com/products/kaffir-lime/favicon.ico]
[www.target-agriculture.com/products/lime/favicon.html]
[target-agriculture.com/static/cms/img/slider/dsc03630.jpg]
[www.target-agriculture.com/products/longan/index.html]
[www.target-agriculture.com/products/pomelo/favicon.ico]
[www.target-agriculture.com/products/santol/favicon.html]
[www.target-agriculture.com/products/star-fruit/favicon.html]
[target-agriculture.com/static/cms/img/slider/img_9302.jpg]
[target-agriculture.com/static/cms/img/staff/mahesh.jpg]
[www.target-agriculture.com/products/longan/favicon.ico]
[www.target-agriculture.com/products/longan/favicon.ico]
